---
source: tui/tests/vt100_chatwidget_snapshot.rs
expression: output
---
 +------------------------------------------------------------------------------------------------+
 |                                           Magik Code                                           |
 |                                Not signed in: usage unavailable                                |
 +------------------------------------------------------------------------------------------------+
 +Settings ▸ Overview-----------------------------------------------------------------------------+
 |                                                                                                |
 | › Model              Model: GPT-5.2-Codex (Medium)                                             |
 |   + Choose the language model used for new completions.                                        |
 |                                                                                                |
 |   Theme              Theme: Light - Photon (16-color) · Spinner: Diamond                       |
 |   + Switch between preset color palettes and adjust contrast.                                  |
 |                                                                                                |
 |   Magik Settings     Reasoning: Off · Details: Off · Block labels: Off · Corners: Sharp        |
 |   + Custom Magik features and UI toggles.                                                      |
 |                                                                                                |
 |   Updates            Auto update: Disabled                                                     |
 |   + Control CLI auto-update cadence and release channels.                                      |
 |                                                                                                |
 | ↑ ↓ Move    Enter Open    Esc Close    ? Help                                                  |

 |                                                                                                |
 +------------------------------------------------------------------------------------------------+

 +------------------------------------------------------------------------------------------------+
 | What can I code for you today?                                                                 |
 +------------------------------------------------------------------------------------------------+
 Read Only  (Shift+Tab change)                                           Ctrl+G editor  •  API key
