---
source: tui/tests/vt100_chatwidget_snapshot.rs
expression: output
---
 +----------------------------------------------------------------------------+
 |                                 Magik Code                                 |
 |                      Not signed in: usage unavailable                      |
 +----------------------------------------------------------------------------+
 » Missing stream id for assistant answer delta


 +----------------------------------------------------------------------------+
 | What can I code for you today?                                             |
 +----------------------------------------------------------------------------+
 Read Only  (Shift+Tab change)                       Ctrl+G editor  •  API key
