---
source: tui/tests/vt100_chatwidget_snapshot.rs
expression: "frames.join(\"\\n---FRAME---\\n\")"
---
 +----------------------------------------------------------------------------+
 |                                 Magik Code                                 |
 |                      Not signed in: usage unavailable                      |
 +----------------------------------------------------------------------------+

 • I can help with various tasks including:

   - Writing code
   - Reading files
   - Running commands


  Auto Drive > Mapping strategy...  ✶ Running (Xs)
 +----------------------------------------------------------------------------+
 | What can I code for you today?                                             |
 +----------------------------------------------------------------------------+
  • Agents Enabled  • Diagnostics Enabled                              API key

---FRAME---
 +----------------------------------------------------------------------------+
 |                                 Magik Code                                 |
 |                      Not signed in: usage unavailable                      |
 +----------------------------------------------------------------------------+

 • I can help with various tasks including:

   - Writing code
   - Reading files
   - Running commands


  Auto Drive > Mapping strategy...  ✶ Running (Xs)
 +----------------------------------------------------------------------------+
 | What can I code for you today?                                             |
 +----------------------------------------------------------------------------+
  • Agents Enabled  • Diagnostics Enabled                              API key

---FRAME---
 +----------------------------------------------------------------------------+
 |                                 Magik Code                                 |
 |                      Not signed in: usage unavailable                      |
 +----------------------------------------------------------------------------+

 • I can help with various tasks including:

   - Writing code
   - Reading files
   - Running commands


  Auto Drive > Coordinator is thinking...  ✶ Thinking (Xs)
 +----------------------------------------------------------------------------+
 | What can I code for you today?                                             |
 +----------------------------------------------------------------------------+
  • Agents Enabled  • Diagnostics Enabled                              API key
