---
source: tui/tests/vt100_chatwidget_snapshot.rs
expression: output
---
 +----------------------------------------------------------------------------+
 |                                 Magik Code                                 |
 |                      Not signed in: usage unavailable                      |
 +----------------------------------------------------------------------------+


 › Keep browsing while checking status

   +- Browser (headless): example.com
   |
   |   Actions
   |    MM:SS  Opened  https://example.com
   |
   |   Console: Encountering captcha challenge on checkout
   |
   +- [Ctrl+B] View · [Esc] Stop

 » Command guard: Leading cd /tmp/work is redundant

 + ✶ Browsing... -------------------------------------------------------------+
 | What can I code for you today?                                             |
 +----------------------------------------------------------------------------+
 Read Only  (Shift+Tab change)                       Ctrl+G editor  •  API key
